// Jest Snapshot v1, https://goo.gl/fbAQLP

exports[`should collect data 1`] = `
Object {
  "collectedEntities": Array [
    Object {
      "_class": Array [
        "Account",
      ],
      "_key": "airwatch-local-integration-instance",
      "_rawData": Array [
        Object {
          "name": "default",
          "rawData": Object {
            "host": "as1380.awmdm.com",
            "username": "jupiterone-dev",
          },
        },
      ],
      "_type": "airwatch_account",
      "createdOn": undefined,
      "displayName": "as1380.awmdm.com",
      "name": "as1380.awmdm.com",
      "webLink": "https://as1380.awmdm.com",
    },
    Object {
      "_class": Array [
        "Group",
        "UserGroup",
      ],
      "_key": "f01ac31e-1633-4d00-ae05-a4d36c3d8c45",
      "_rawData": Array [
        Object {
          "name": "default",
          "rawData": Object {
            "Admins": "6",
            "Children": Array [
              Object {
                "Admins": "0",
                "Country": "United States",
                "CreatedOn": "3/23/2020 4:13:23 PM",
                "Devices": "0",
                "GroupId": "",
                "Id": Object {
                  "Value": 8497,
                },
                "LgLevel": 1,
                "Locale": "en-US",
                "LocationGroupType": "Container",
                "Name": "child_group_test",
                "ParentLocationGroup": Object {
                  "Id": Object {
                    "Value": 8366,
                  },
                  "Uuid": "f01ac31e-1633-4d00-ae05-a4d36c3d8c45",
                },
                "Users": "0",
                "Uuid": "2ab19bd4-59f1-4716-bd0d-2b425713054f",
              },
              Object {
                "Admins": "0",
                "Country": "United States",
                "CreatedOn": "3/23/2020 4:14:49 PM",
                "Devices": "0",
                "GroupId": "",
                "Id": Object {
                  "Value": 8498,
                },
                "LgLevel": 1,
                "Locale": "en-US",
                "LocationGroupType": "Container",
                "Name": "child_3_test",
                "ParentLocationGroup": Object {
                  "Id": Object {
                    "Value": 8366,
                  },
                  "Uuid": "f01ac31e-1633-4d00-ae05-a4d36c3d8c45",
                },
                "Users": "0",
                "Uuid": "0f451210-f1c8-41bb-8f48-3a5cb0bbfed6",
              },
            ],
            "Country": "United States",
            "CreatedOn": "3/19/2020 12:19:56 AM",
            "Devices": "1",
            "GroupId": "M6052651",
            "Id": 8366,
            "LgLevel": 0,
            "Locale": "English (United States)",
            "LocationGroupType": "Customer",
            "Name": "M605431073",
            "Users": "1",
            "Uuid": "f01ac31e-1633-4d00-ae05-a4d36c3d8c45",
          },
        },
      ],
      "_type": "airwatch_group",
      "admins": "6",
      "country": "United States",
      "createdOn": 1584620396,
      "devices": "1",
      "displayName": "M605431073",
      "groupId": "M6052651",
      "id": "8366",
      "lgLevel": 0,
      "locale": "English (United States)",
      "locationGroupType": "Customer",
      "name": "M605431073",
      "users": "1",
      "uuid": "f01ac31e-1633-4d00-ae05-a4d36c3d8c45",
      "webLink": "https://as1380.awmdm.com/AirWatch/#/AirWatch/OrganizationGroup/Details/Index/8366",
    },
    Object {
      "_class": Array [
        "Group",
        "UserGroup",
      ],
      "_key": "2ab19bd4-59f1-4716-bd0d-2b425713054f",
      "_rawData": Array [
        Object {
          "name": "default",
          "rawData": Object {
            "Admins": "0",
            "Children": Array [],
            "Country": "United States",
            "CreatedOn": "3/23/2020 4:13:23 PM",
            "Devices": "0",
            "GroupId": "",
            "Id": 8497,
            "LgLevel": 0,
            "Locale": "English (United States)",
            "LocationGroupType": "Container",
            "Name": "child_group_test",
            "Users": "0",
            "Uuid": "2ab19bd4-59f1-4716-bd0d-2b425713054f",
          },
        },
      ],
      "_type": "airwatch_group",
      "admins": "0",
      "country": "United States",
      "createdOn": 1584936803,
      "devices": "0",
      "displayName": "child_group_test",
      "groupId": "",
      "id": "8497",
      "lgLevel": 0,
      "locale": "English (United States)",
      "locationGroupType": "Container",
      "name": "child_group_test",
      "users": "0",
      "uuid": "2ab19bd4-59f1-4716-bd0d-2b425713054f",
      "webLink": "https://as1380.awmdm.com/AirWatch/#/AirWatch/OrganizationGroup/Details/Index/8497",
    },
    Object {
      "_class": Array [
        "Group",
        "UserGroup",
      ],
      "_key": "0f451210-f1c8-41bb-8f48-3a5cb0bbfed6",
      "_rawData": Array [
        Object {
          "name": "default",
          "rawData": Object {
            "Admins": "0",
            "Children": Array [
              Object {
                "Admins": "0",
                "Country": "United States",
                "CreatedOn": "3/23/2020 4:15:21 PM",
                "Devices": "0",
                "GroupId": "",
                "Id": Object {
                  "Value": 8499,
                },
                "LgLevel": 1,
                "Locale": "en-US",
                "LocationGroupType": "Container",
                "Name": "child_4_test",
                "ParentLocationGroup": Object {
                  "Id": Object {
                    "Value": 8498,
                  },
                  "Uuid": "0f451210-f1c8-41bb-8f48-3a5cb0bbfed6",
                },
                "Users": "0",
                "Uuid": "dddefc3c-6091-4754-9654-c017589cb98e",
              },
            ],
            "Country": "United States",
            "CreatedOn": "3/23/2020 4:14:49 PM",
            "Devices": "0",
            "GroupId": "",
            "Id": 8498,
            "LgLevel": 0,
            "Locale": "English (United States)",
            "LocationGroupType": "Container",
            "Name": "child_3_test",
            "Users": "0",
            "Uuid": "0f451210-f1c8-41bb-8f48-3a5cb0bbfed6",
          },
        },
      ],
      "_type": "airwatch_group",
      "admins": "0",
      "country": "United States",
      "createdOn": 1584936889,
      "devices": "0",
      "displayName": "child_3_test",
      "groupId": "",
      "id": "8498",
      "lgLevel": 0,
      "locale": "English (United States)",
      "locationGroupType": "Container",
      "name": "child_3_test",
      "users": "0",
      "uuid": "0f451210-f1c8-41bb-8f48-3a5cb0bbfed6",
      "webLink": "https://as1380.awmdm.com/AirWatch/#/AirWatch/OrganizationGroup/Details/Index/8498",
    },
    Object {
      "_class": Array [
        "Group",
        "UserGroup",
      ],
      "_key": "dddefc3c-6091-4754-9654-c017589cb98e",
      "_rawData": Array [
        Object {
          "name": "default",
          "rawData": Object {
            "Admins": "0",
            "Children": Array [
              Object {
                "Admins": "0",
                "Country": "United States",
                "CreatedOn": "3/23/2020 4:16:03 PM",
                "Devices": "0",
                "GroupId": "",
                "Id": Object {
                  "Value": 8500,
                },
                "LgLevel": 1,
                "Locale": "en-US",
                "LocationGroupType": "Container",
                "Name": "child_5_test",
                "ParentLocationGroup": Object {
                  "Id": Object {
                    "Value": 8499,
                  },
                  "Uuid": "dddefc3c-6091-4754-9654-c017589cb98e",
                },
                "Users": "0",
                "Uuid": "82566073-0915-42d9-a28f-60315f49aafc",
              },
            ],
            "Country": "United States",
            "CreatedOn": "3/23/2020 4:15:21 PM",
            "Devices": "0",
            "GroupId": "",
            "Id": 8499,
            "LgLevel": 0,
            "Locale": "English (United States)",
            "LocationGroupType": "Container",
            "Name": "child_4_test",
            "Users": "0",
            "Uuid": "dddefc3c-6091-4754-9654-c017589cb98e",
          },
        },
      ],
      "_type": "airwatch_group",
      "admins": "0",
      "country": "United States",
      "createdOn": 1584936921,
      "devices": "0",
      "displayName": "child_4_test",
      "groupId": "",
      "id": "8499",
      "lgLevel": 0,
      "locale": "English (United States)",
      "locationGroupType": "Container",
      "name": "child_4_test",
      "users": "0",
      "uuid": "dddefc3c-6091-4754-9654-c017589cb98e",
      "webLink": "https://as1380.awmdm.com/AirWatch/#/AirWatch/OrganizationGroup/Details/Index/8499",
    },
    Object {
      "_class": Array [
        "Group",
        "UserGroup",
      ],
      "_key": "82566073-0915-42d9-a28f-60315f49aafc",
      "_rawData": Array [
        Object {
          "name": "default",
          "rawData": Object {
            "Admins": "0",
            "Children": Array [],
            "Country": "United States",
            "CreatedOn": "3/23/2020 4:16:03 PM",
            "Devices": "0",
            "GroupId": "",
            "Id": 8500,
            "LgLevel": 0,
            "Locale": "English (United States)",
            "LocationGroupType": "Container",
            "Name": "child_5_test",
            "Users": "0",
            "Uuid": "82566073-0915-42d9-a28f-60315f49aafc",
          },
        },
      ],
      "_type": "airwatch_group",
      "admins": "0",
      "country": "United States",
      "createdOn": 1584936963,
      "devices": "0",
      "displayName": "child_5_test",
      "groupId": "",
      "id": "8500",
      "lgLevel": 0,
      "locale": "English (United States)",
      "locationGroupType": "Container",
      "name": "child_5_test",
      "users": "0",
      "uuid": "82566073-0915-42d9-a28f-60315f49aafc",
      "webLink": "https://as1380.awmdm.com/AirWatch/#/AirWatch/OrganizationGroup/Details/Index/8500",
    },
    Object {
      "_class": Array [
        "User",
      ],
      "_key": "8d851f66-6332-4acc-ac59-cb183cb5364d",
      "_rawData": Array [
        Object {
          "name": "default",
          "rawData": Object {
            "LastLoginTimeStamp": "2020-10-22T13:29:34.120",
            "LocationGroup": "M605431073",
            "LocationGroupId": "8366",
            "email": "adam.williams@jupiterone.com",
            "firstName": "Adam",
            "initialLandingPage": "/Device/Dashboard",
            "lastName": "Williams",
            "locale": "en-US",
            "messageTemplateId": 0,
            "messageTemplateUuid": "00000000-0000-0000-0000-000000000000",
            "organizationGroupUuid": "f01ac31e-1633-4d00-ae05-a4d36c3d8c45",
            "roles": Array [
              Object {
                "IsActive": true,
                "LocationGroup": "M605431073",
                "LocationGroupId": "8366",
                "Name": "Console Administrator",
                "UserLinkId": 0,
                "organizationGroupUuid": "f01ac31e-1633-4d00-ae05-a4d36c3d8c45",
                "uuid": "5d6de1d9-236c-43df-b042-d321579f4f53",
              },
            ],
            "timeZone": "IDY",
            "username": "adam.williams@jupiterone.com",
            "uuid": "8d851f66-6332-4acc-ac59-cb183cb5364d",
          },
        },
      ],
      "_type": "airwatch_user",
      "admin": true,
      "createdOn": undefined,
      "displayName": "Adam Williams",
      "email": "adam.williams@jupiterone.com",
      "firstName": "Adam",
      "initialLandingPage": "/Device/Dashboard",
      "lastLoginTimeStamp": "2020-10-22T13:29:34.120",
      "lastName": "Williams",
      "locale": "en-US",
      "locationGroup": "M605431073",
      "locationGroupId": "8366",
      "messageTemplateId": 0,
      "messageTemplateUuid": "00000000-0000-0000-0000-000000000000",
      "name": "Adam Williams",
      "organizationGroupUuid": "f01ac31e-1633-4d00-ae05-a4d36c3d8c45",
      "timeZone": "IDY",
      "username": "adam.williams@jupiterone.com",
      "uuid": "8d851f66-6332-4acc-ac59-cb183cb5364d",
      "webLink": "https://as1380.awmdm.com/AirWatch/#/Admin/List",
    },
    Object {
      "_class": Array [
        "User",
      ],
      "_key": "9ddd00dd-fa7b-43a7-a972-dc9a370f94c1",
      "_rawData": Array [
        Object {
          "name": "default",
          "rawData": Object {
            "LastLoginTimeStamp": "0001-01-01T00:00:00.000",
            "LocationGroup": "M605431073",
            "LocationGroupId": "8366",
            "email": "admin_test@test.com",
            "firstName": "admin",
            "initialLandingPage": "/Device/Dashboard",
            "lastName": "test",
            "locale": "en-US",
            "messageTemplateId": 0,
            "messageTemplateUuid": "00000000-0000-0000-0000-000000000000",
            "organizationGroupUuid": "f01ac31e-1633-4d00-ae05-a4d36c3d8c45",
            "roles": Array [
              Object {
                "IsActive": true,
                "LocationGroup": "M605431073",
                "LocationGroupId": "8366",
                "Name": "Console Administrator",
                "UserLinkId": 0,
                "organizationGroupUuid": "f01ac31e-1633-4d00-ae05-a4d36c3d8c45",
                "uuid": "5d6de1d9-236c-43df-b042-d321579f4f53",
              },
            ],
            "timeZone": "EETN",
            "username": "admin_test",
            "uuid": "9ddd00dd-fa7b-43a7-a972-dc9a370f94c1",
          },
        },
      ],
      "_type": "airwatch_user",
      "admin": true,
      "createdOn": undefined,
      "displayName": "admin test",
      "email": "admin_test@test.com",
      "firstName": "admin",
      "initialLandingPage": "/Device/Dashboard",
      "lastLoginTimeStamp": "0001-01-01T00:00:00.000",
      "lastName": "test",
      "locale": "en-US",
      "locationGroup": "M605431073",
      "locationGroupId": "8366",
      "messageTemplateId": 0,
      "messageTemplateUuid": "00000000-0000-0000-0000-000000000000",
      "name": "admin test",
      "organizationGroupUuid": "f01ac31e-1633-4d00-ae05-a4d36c3d8c45",
      "timeZone": "EETN",
      "username": "admin_test",
      "uuid": "9ddd00dd-fa7b-43a7-a972-dc9a370f94c1",
      "webLink": "https://as1380.awmdm.com/AirWatch/#/Admin/List",
    },
    Object {
      "_class": Array [
        "User",
      ],
      "_key": "144a3e6b-ae49-4910-b15a-64d16af4619a",
      "_rawData": Array [
        Object {
          "name": "default",
          "rawData": Object {
            "LastLoginTimeStamp": "2020-10-22T19:26:56.443",
            "LocationGroup": "M605431073",
            "LocationGroupId": "8366",
            "email": "development@jupiterone.com",
            "firstName": "JupiterOne",
            "initialLandingPage": "/Device/Dashboard",
            "lastName": "Development",
            "locale": "en-US",
            "messageTemplateId": 0,
            "messageTemplateUuid": "00000000-0000-0000-0000-000000000000",
            "organizationGroupUuid": "f01ac31e-1633-4d00-ae05-a4d36c3d8c45",
            "roles": Array [
              Object {
                "IsActive": true,
                "LocationGroup": "M605431073",
                "LocationGroupId": "8366",
                "Name": "Console Administrator",
                "UserLinkId": 0,
                "organizationGroupUuid": "f01ac31e-1633-4d00-ae05-a4d36c3d8c45",
                "uuid": "5d6de1d9-236c-43df-b042-d321579f4f53",
              },
            ],
            "timeZone": "EST",
            "username": "jupiterone-dev",
            "uuid": "144a3e6b-ae49-4910-b15a-64d16af4619a",
          },
        },
      ],
      "_type": "airwatch_user",
      "admin": true,
      "createdOn": undefined,
      "displayName": "JupiterOne Development",
      "email": "development@jupiterone.com",
      "firstName": "JupiterOne",
      "initialLandingPage": "/Device/Dashboard",
      "lastLoginTimeStamp": "2020-10-22T19:26:56.443",
      "lastName": "Development",
      "locale": "en-US",
      "locationGroup": "M605431073",
      "locationGroupId": "8366",
      "messageTemplateId": 0,
      "messageTemplateUuid": "00000000-0000-0000-0000-000000000000",
      "name": "JupiterOne Development",
      "organizationGroupUuid": "f01ac31e-1633-4d00-ae05-a4d36c3d8c45",
      "timeZone": "EST",
      "username": "jupiterone-dev",
      "uuid": "144a3e6b-ae49-4910-b15a-64d16af4619a",
      "webLink": "https://as1380.awmdm.com/AirWatch/#/Admin/List",
    },
    Object {
      "_class": Array [
        "User",
      ],
      "_key": "3c28c112-b424-46bb-8a76-ff3942591159",
      "_rawData": Array [
        Object {
          "name": "default",
          "rawData": Object {
            "LastLoginTimeStamp": "2020-03-23T15:36:18.827",
            "LocationGroup": "M605431073",
            "LocationGroupId": "8366",
            "email": "stefan@creativice.com",
            "firstName": "Stefan",
            "initialLandingPage": "/Device/Dashboard",
            "lastName": "Virag",
            "locale": "en-US",
            "messageTemplateId": 0,
            "messageTemplateUuid": "00000000-0000-0000-0000-000000000000",
            "organizationGroupUuid": "f01ac31e-1633-4d00-ae05-a4d36c3d8c45",
            "roles": Array [
              Object {
                "IsActive": true,
                "LocationGroup": "M605431073",
                "LocationGroupId": "8366",
                "Name": "Console Administrator",
                "UserLinkId": 0,
                "organizationGroupUuid": "f01ac31e-1633-4d00-ae05-a4d36c3d8c45",
                "uuid": "5d6de1d9-236c-43df-b042-d321579f4f53",
              },
            ],
            "timeZone": "CETS",
            "username": "stefan@creativice.com",
            "uuid": "3c28c112-b424-46bb-8a76-ff3942591159",
          },
        },
      ],
      "_type": "airwatch_user",
      "admin": true,
      "createdOn": undefined,
      "displayName": "Stefan Virag",
      "email": "stefan@creativice.com",
      "firstName": "Stefan",
      "initialLandingPage": "/Device/Dashboard",
      "lastLoginTimeStamp": "2020-03-23T15:36:18.827",
      "lastName": "Virag",
      "locale": "en-US",
      "locationGroup": "M605431073",
      "locationGroupId": "8366",
      "messageTemplateId": 0,
      "messageTemplateUuid": "00000000-0000-0000-0000-000000000000",
      "name": "Stefan Virag",
      "organizationGroupUuid": "f01ac31e-1633-4d00-ae05-a4d36c3d8c45",
      "timeZone": "CETS",
      "username": "stefan@creativice.com",
      "uuid": "3c28c112-b424-46bb-8a76-ff3942591159",
      "webLink": "https://as1380.awmdm.com/AirWatch/#/Admin/List",
    },
    Object {
      "_class": Array [
        "User",
      ],
      "_key": "fc3ac20b-c943-49cc-9c62-0deb505eefa3",
      "_rawData": Array [
        Object {
          "name": "default",
          "rawData": Object {
            "LastLoginTimeStamp": "2020-03-29T18:10:44.960",
            "LocationGroup": "M605431073",
            "LocationGroupId": "8366",
            "email": "teemu@creativice.com",
            "firstName": "Teemu",
            "initialLandingPage": "/Device/Dashboard",
            "lastName": "Hirvonen",
            "locale": "en-US",
            "messageTemplateId": 0,
            "messageTemplateUuid": "00000000-0000-0000-0000-000000000000",
            "organizationGroupUuid": "f01ac31e-1633-4d00-ae05-a4d36c3d8c45",
            "roles": Array [
              Object {
                "IsActive": true,
                "LocationGroup": "M605431073",
                "LocationGroupId": "8366",
                "Name": "Console Administrator",
                "UserLinkId": 0,
                "organizationGroupUuid": "f01ac31e-1633-4d00-ae05-a4d36c3d8c45",
                "uuid": "5d6de1d9-236c-43df-b042-d321579f4f53",
              },
            ],
            "timeZone": "EETN",
            "username": "teemu@creativice.com",
            "uuid": "fc3ac20b-c943-49cc-9c62-0deb505eefa3",
          },
        },
      ],
      "_type": "airwatch_user",
      "admin": true,
      "createdOn": undefined,
      "displayName": "Teemu Hirvonen",
      "email": "teemu@creativice.com",
      "firstName": "Teemu",
      "initialLandingPage": "/Device/Dashboard",
      "lastLoginTimeStamp": "2020-03-29T18:10:44.960",
      "lastName": "Hirvonen",
      "locale": "en-US",
      "locationGroup": "M605431073",
      "locationGroupId": "8366",
      "messageTemplateId": 0,
      "messageTemplateUuid": "00000000-0000-0000-0000-000000000000",
      "name": "Teemu Hirvonen",
      "organizationGroupUuid": "f01ac31e-1633-4d00-ae05-a4d36c3d8c45",
      "timeZone": "EETN",
      "username": "teemu@creativice.com",
      "uuid": "fc3ac20b-c943-49cc-9c62-0deb505eefa3",
      "webLink": "https://as1380.awmdm.com/AirWatch/#/Admin/List",
    },
    Object {
      "_class": Array [
        "Host",
        "Device",
      ],
      "_key": "4338a0a4-38e8-409d-9f72-fd3d5502f3c3",
      "_rawData": Array [
        Object {
          "name": "default",
          "rawData": Object {
            "AssetNumber": "01b37d064f07386e51b787ea9fb672b2f318db0be9",
            "AvailablePhysicalMemory": 0,
            "BatteryLevel": "",
            "ComplianceStatus": "Compliant",
            "CompromisedStatus": false,
            "DataProtectionStatus": 0,
            "DepTokenSource": 0,
            "DeviceCellularNetworkInfo": Array [
              Object {
                "CardId": "8938105316098187971",
                "CarrierName": "Vip SRB",
                "DeviceMCC": Object {
                  "CurrentMCC": "220",
                  "SIMMCC": "220",
                },
                "IsRoaming": false,
                "PhoneNumber": "",
              },
            ],
            "DeviceFriendlyName": "john Android Android 10.0.0 5VWH",
            "DeviceReportedName": "Android_SM-A505FN_352698115892296",
            "EasId": "",
            "EasIds": Object {},
            "EnrollmentStatus": "Enrolled",
            "EnrollmentUserUuid": "00000000-0000-0000-0000-000000000000",
            "Id": Object {
              "Value": 66523,
            },
            "Imei": "352698115892296",
            "IsActivationLockEnabled": false,
            "IsCloudBackupEnabled": false,
            "IsDeviceDNDEnabled": false,
            "IsDeviceLocatorEnabled": false,
            "IsNetworkTethered": false,
            "IsRoaming": false,
            "IsSupervised": false,
            "LastComplianceCheckOn": "0001-01-01T00:00:00.000",
            "LastCompromisedCheckOn": "2020-10-16T14:34:27.463",
            "LastEnrolledOn": "2020-03-20T19:25:19.843",
            "LastSeen": "2020-10-16T15:08:03.387",
            "LocationGroupId": Object {
              "Id": Object {
                "Value": 8366,
              },
              "Name": "M605431073",
              "Uuid": "f01ac31e-1633-4d00-ae05-a4d36c3d8c45",
            },
            "LocationGroupName": "M605431073",
            "MacAddress": "A6BBF6BEFBAB",
            "ManagedBy": 1,
            "Model": "samsung SM-A505FN",
            "ModelId": Object {
              "Id": Object {
                "Value": 5,
              },
              "Name": "samsung SM-A505FN",
            },
            "OEMInfo": "samsung SM-A505FN",
            "OSBuildVersion": "",
            "OperatingSystem": "10.0.0",
            "Ownership": "C",
            "PhoneNumber": "",
            "Platform": "Android",
            "PlatformId": Object {
              "Id": Object {
                "Value": 5,
              },
              "Name": "Android",
            },
            "ProcessorArchitecture": 0,
            "SerialNumber": "R58MB3K5VWH",
            "SystemIntegrityProtectionEnabled": false,
            "TotalPhysicalMemory": 0,
            "Udid": "01b37d064f07386e51b787ea9fb672b2f318db0be9",
            "UserEmailAddress": "john@testemail.com",
            "UserId": Object {
              "Id": Object {
                "Value": 781393,
              },
              "Name": "John  Smith",
              "Uuid": "da6d08af-43cc-4c53-8050-71afdaedb384",
            },
            "UserName": "john",
            "Uuid": "4338a0a4-38e8-409d-9f72-fd3d5502f3c3",
            "VirtualMemory": 0,
            "WifiSsid": "<unknown ssid>",
          },
        },
      ],
      "_type": "user_endpoint",
      "assetNumber": "01b37d064f07386e51b787ea9fb672b2f318db0be9",
      "availablePhysicalMemory": 0,
      "batteryLevel": "",
      "category": "endpoint",
      "complianceStatus": 1,
      "compromisedStatus": false,
      "createdOn": undefined,
      "dataProtectionStatus": 0,
      "depTokenSource": 0,
      "deviceFriendlyName": "john Android Android 10.0.0 5VWH",
      "deviceId": 66523,
      "deviceReportedName": "Android_SM-A505FN_352698115892296",
      "displayName": "john Android Android 10.0.0 5VWH",
      "easId": "",
      "email": "john@testemail.com",
      "enrollmentStatus": "Enrolled",
      "enrollmentUserUuid": "00000000-0000-0000-0000-000000000000",
      "hostname": undefined,
      "imei": "352698115892296",
      "isActivationLockEnabled": false,
      "isCloudBackupEnabled": false,
      "isDeviceDndEnabled": false,
      "isDeviceLocatorEnabled": false,
      "isNetworkTethered": false,
      "isRoaming": false,
      "isSupervised": false,
      "lastComplianceCheckOn": "0001-01-01T00:00:00.000",
      "lastCompromisedCheckOn": "2020-10-16T14:34:27.463",
      "lastEnrolledOn": "2020-03-20T19:25:19.843",
      "lastSeen": "2020-10-16T15:08:03.387",
      "lastSeenOn": 1602886083387,
      "locationGroupName": "M605431073",
      "macAddress": "a6:bb:f6:be:fb:ab",
      "make": "samsung SM-A505FN",
      "managedBy": 1,
      "model": "samsung SM-A505FN",
      "name": "john Android Android 10.0.0 5VWH",
      "oemInfo": "samsung SM-A505FN",
      "operatingSystem": "10.0.0",
      "osBuildVersion": "",
      "ownership": "C",
      "phoneNumber": "",
      "platform": "android",
      "processorArchitecture": 0,
      "serial": "R58MB3K5VWH",
      "serialNumber": "R58MB3K5VWH",
      "systemIntegrityProtectionEnabled": false,
      "totalPhysicalMemory": 0,
      "udid": "01b37d064f07386e51b787ea9fb672b2f318db0be9",
      "userEmailAddress": "john@testemail.com",
      "userName": "john",
      "username": "john",
      "uuid": "4338a0a4-38e8-409d-9f72-fd3d5502f3c3",
      "virtualMemory": 0,
      "webLink": "https://as1380.awmdm.com/AirWatch/#/AirWatch/Device/Details/Summary/66523",
      "wifiSsid": "<unknown ssid>",
    },
    Object {
      "_class": Array [
        "User",
      ],
      "_key": "da6d08af-43cc-4c53-8050-71afdaedb384",
      "_rawData": Array [
        Object {
          "name": "default",
          "rawData": Object {
            "Id": Object {
              "Value": 66523,
            },
            "Name": "John  Smith",
            "Uuid": "da6d08af-43cc-4c53-8050-71afdaedb384",
          },
        },
      ],
      "_type": "device_user",
      "createdOn": undefined,
      "displayName": "John  Smith",
      "name": "John  Smith",
      "username": "John  Smith",
      "uuid": "da6d08af-43cc-4c53-8050-71afdaedb384",
      "webLink": "https://as1380.awmdm.com/AirWatch/#/AirWatch/User/Details/Summary/66523",
    },
  ],
  "collectedRelationships": Array [
    Object {
      "_class": "HAS",
      "_fromEntityKey": "airwatch-local-integration-instance",
      "_key": "airwatch-local-integration-instance|has|f01ac31e-1633-4d00-ae05-a4d36c3d8c45",
      "_toEntityKey": "f01ac31e-1633-4d00-ae05-a4d36c3d8c45",
      "_type": "airwatch_account_has_group",
      "displayName": "HAS",
    },
    Object {
      "_class": "HAS",
      "_fromEntityKey": "airwatch-local-integration-instance",
      "_key": "airwatch-local-integration-instance|has|2ab19bd4-59f1-4716-bd0d-2b425713054f",
      "_toEntityKey": "2ab19bd4-59f1-4716-bd0d-2b425713054f",
      "_type": "airwatch_account_has_group",
      "displayName": "HAS",
    },
    Object {
      "_class": "HAS",
      "_fromEntityKey": "airwatch-local-integration-instance",
      "_key": "airwatch-local-integration-instance|has|0f451210-f1c8-41bb-8f48-3a5cb0bbfed6",
      "_toEntityKey": "0f451210-f1c8-41bb-8f48-3a5cb0bbfed6",
      "_type": "airwatch_account_has_group",
      "displayName": "HAS",
    },
    Object {
      "_class": "HAS",
      "_fromEntityKey": "airwatch-local-integration-instance",
      "_key": "airwatch-local-integration-instance|has|dddefc3c-6091-4754-9654-c017589cb98e",
      "_toEntityKey": "dddefc3c-6091-4754-9654-c017589cb98e",
      "_type": "airwatch_account_has_group",
      "displayName": "HAS",
    },
    Object {
      "_class": "HAS",
      "_fromEntityKey": "airwatch-local-integration-instance",
      "_key": "airwatch-local-integration-instance|has|82566073-0915-42d9-a28f-60315f49aafc",
      "_toEntityKey": "82566073-0915-42d9-a28f-60315f49aafc",
      "_type": "airwatch_account_has_group",
      "displayName": "HAS",
    },
    Object {
      "_class": "HAS",
      "_fromEntityKey": "f01ac31e-1633-4d00-ae05-a4d36c3d8c45",
      "_key": "f01ac31e-1633-4d00-ae05-a4d36c3d8c45|has|2ab19bd4-59f1-4716-bd0d-2b425713054f",
      "_toEntityKey": "2ab19bd4-59f1-4716-bd0d-2b425713054f",
      "_type": "airwatch_group_has_group",
      "displayName": "HAS",
    },
    Object {
      "_class": "HAS",
      "_fromEntityKey": "f01ac31e-1633-4d00-ae05-a4d36c3d8c45",
      "_key": "f01ac31e-1633-4d00-ae05-a4d36c3d8c45|has|0f451210-f1c8-41bb-8f48-3a5cb0bbfed6",
      "_toEntityKey": "0f451210-f1c8-41bb-8f48-3a5cb0bbfed6",
      "_type": "airwatch_group_has_group",
      "displayName": "HAS",
    },
    Object {
      "_class": "HAS",
      "_fromEntityKey": "0f451210-f1c8-41bb-8f48-3a5cb0bbfed6",
      "_key": "0f451210-f1c8-41bb-8f48-3a5cb0bbfed6|has|dddefc3c-6091-4754-9654-c017589cb98e",
      "_toEntityKey": "dddefc3c-6091-4754-9654-c017589cb98e",
      "_type": "airwatch_group_has_group",
      "displayName": "HAS",
    },
    Object {
      "_class": "HAS",
      "_fromEntityKey": "dddefc3c-6091-4754-9654-c017589cb98e",
      "_key": "dddefc3c-6091-4754-9654-c017589cb98e|has|82566073-0915-42d9-a28f-60315f49aafc",
      "_toEntityKey": "82566073-0915-42d9-a28f-60315f49aafc",
      "_type": "airwatch_group_has_group",
      "displayName": "HAS",
    },
    Object {
      "_class": "HAS",
      "_fromEntityKey": "f01ac31e-1633-4d00-ae05-a4d36c3d8c45",
      "_key": "f01ac31e-1633-4d00-ae05-a4d36c3d8c45|has|8d851f66-6332-4acc-ac59-cb183cb5364d",
      "_toEntityKey": "8d851f66-6332-4acc-ac59-cb183cb5364d",
      "_type": "airwatch_group_has_user",
      "displayName": "HAS",
    },
    Object {
      "_class": "HAS",
      "_fromEntityKey": "f01ac31e-1633-4d00-ae05-a4d36c3d8c45",
      "_key": "f01ac31e-1633-4d00-ae05-a4d36c3d8c45|has|9ddd00dd-fa7b-43a7-a972-dc9a370f94c1",
      "_toEntityKey": "9ddd00dd-fa7b-43a7-a972-dc9a370f94c1",
      "_type": "airwatch_group_has_user",
      "displayName": "HAS",
    },
    Object {
      "_class": "HAS",
      "_fromEntityKey": "f01ac31e-1633-4d00-ae05-a4d36c3d8c45",
      "_key": "f01ac31e-1633-4d00-ae05-a4d36c3d8c45|has|144a3e6b-ae49-4910-b15a-64d16af4619a",
      "_toEntityKey": "144a3e6b-ae49-4910-b15a-64d16af4619a",
      "_type": "airwatch_group_has_user",
      "displayName": "HAS",
    },
    Object {
      "_class": "HAS",
      "_fromEntityKey": "f01ac31e-1633-4d00-ae05-a4d36c3d8c45",
      "_key": "f01ac31e-1633-4d00-ae05-a4d36c3d8c45|has|3c28c112-b424-46bb-8a76-ff3942591159",
      "_toEntityKey": "3c28c112-b424-46bb-8a76-ff3942591159",
      "_type": "airwatch_group_has_user",
      "displayName": "HAS",
    },
    Object {
      "_class": "HAS",
      "_fromEntityKey": "f01ac31e-1633-4d00-ae05-a4d36c3d8c45",
      "_key": "f01ac31e-1633-4d00-ae05-a4d36c3d8c45|has|fc3ac20b-c943-49cc-9c62-0deb505eefa3",
      "_toEntityKey": "fc3ac20b-c943-49cc-9c62-0deb505eefa3",
      "_type": "airwatch_group_has_user",
      "displayName": "HAS",
    },
    Object {
      "_class": "MANAGES",
      "_fromEntityKey": "airwatch-local-integration-instance",
      "_key": "airwatch-local-integration-instance|manages|4338a0a4-38e8-409d-9f72-fd3d5502f3c3",
      "_toEntityKey": "4338a0a4-38e8-409d-9f72-fd3d5502f3c3",
      "_type": "airwatch_account_manages_user_endpoint",
      "displayName": "MANAGES",
    },
    Object {
      "_class": "HAS",
      "_fromEntityKey": "4338a0a4-38e8-409d-9f72-fd3d5502f3c3",
      "_key": "4338a0a4-38e8-409d-9f72-fd3d5502f3c3|has|da6d08af-43cc-4c53-8050-71afdaedb384",
      "_toEntityKey": "da6d08af-43cc-4c53-8050-71afdaedb384",
      "_type": "user_endpoint_has_device_user",
      "displayName": "HAS",
    },
  ],
  "encounteredTypes": Array [
    "airwatch_account",
    "airwatch_group",
    "airwatch_account_has_group",
    "airwatch_group_has_group",
    "airwatch_user",
    "airwatch_group_has_user",
    "user_endpoint",
    "airwatch_account_manages_user_endpoint",
    "device_user",
    "user_endpoint_has_device_user",
  ],
  "numCollectedEntities": 13,
  "numCollectedRelationships": 16,
}
`;
