// Jest Snapshot v1, https://goo.gl/fbAQLP

exports[`should collect data 1`] = `
Object {
  "collectedEntities": Array [
    Object {
      "_class": Array [
        "Account",
      ],
      "_key": "airwatch-local-integration-instance",
      "_rawData": Array [
        Object {
          "name": "default",
          "rawData": Object {
            "host": "as1985.awmdm.com",
            "username": "Jupiterone",
          },
        },
      ],
      "_type": "airwatch_account",
      "createdOn": undefined,
      "displayName": "as1985.awmdm.com",
      "name": "as1985.awmdm.com",
      "webLink": "https://as1985.awmdm.com",
    },
    Object {
      "_class": Array [
        "Group",
        "UserGroup",
      ],
      "_key": "71b1202a-fc21-4239-bacb-5e74e35a820e",
      "_rawData": Array [
        Object {
          "name": "default",
          "rawData": Object {
            "Admins": "4",
            "Children": Array [],
            "Country": "Argentina",
            "CreatedOn": "10/27/2023 3:05:53 PM",
            "Devices": "0",
            "GroupId": "M1044590",
            "Id": 1112,
            "LgLevel": 0,
            "Locale": "English (United States)",
            "LocationGroupType": "Customer",
            "Name": "M104252336",
            "Users": "2",
            "Uuid": "71b1202a-fc21-4239-bacb-5e74e35a820e",
          },
        },
      ],
      "_type": "airwatch_group",
      "admins": "4",
      "country": "Argentina",
      "createdOn": 1698375953,
      "devices": "0",
      "displayName": "M104252336",
      "groupId": "M1044590",
      "id": "1112",
      "lgLevel": 0,
      "locale": "English (United States)",
      "locationGroupType": "Customer",
      "name": "M104252336",
      "users": "2",
      "uuid": "71b1202a-fc21-4239-bacb-5e74e35a820e",
      "webLink": "https://as1985.awmdm.com/AirWatch/#/AirWatch/OrganizationGroup/Details/Index/1112",
    },
    Object {
      "_class": Array [
        "User",
      ],
      "_key": "c0f5e60a-c1e1-480f-902c-3d864294153e",
      "_rawData": Array [
        Object {
          "name": "default",
          "rawData": Object {
            "LastLoginTimeStamp": "2023-10-27T19:33:33.163",
            "LocationGroup": "M104252336",
            "LocationGroupId": "1112",
            "email": "erica.nagle@jupiterone.com",
            "firstName": "Erica",
            "initialLandingPage": "/Device/Dashboard",
            "lastName": "Nagle",
            "locale": "en-US",
            "messageTemplateId": 0,
            "messageTemplateUuid": "00000000-0000-0000-0000-000000000000",
            "organizationGroupUuid": "71b1202a-fc21-4239-bacb-5e74e35a820e",
            "roles": Array [
              Object {
                "IsActive": true,
                "LocationGroup": "M104252336",
                "LocationGroupId": "1112",
                "Name": "Device Manager",
                "UserLinkId": 0,
                "organizationGroupUuid": "71b1202a-fc21-4239-bacb-5e74e35a820e",
                "uuid": "db089645-68c7-4df4-888d-ec5c511c1a6c",
              },
            ],
            "timeZone": "AST",
            "username": "ericaNagle",
            "uuid": "c0f5e60a-c1e1-480f-902c-3d864294153e",
          },
        },
      ],
      "_type": "airwatch_user",
      "admin": true,
      "createdOn": undefined,
      "displayName": "Erica Nagle",
      "email": "erica.nagle@jupiterone.com",
      "firstName": "Erica",
      "initialLandingPage": "/Device/Dashboard",
      "lastLoginTimeStamp": "2023-10-27T19:33:33.163",
      "lastName": "Nagle",
      "locale": "en-US",
      "locationGroup": "M104252336",
      "locationGroupId": "1112",
      "messageTemplateId": 0,
      "messageTemplateUuid": "00000000-0000-0000-0000-000000000000",
      "name": "Erica Nagle",
      "organizationGroupUuid": "71b1202a-fc21-4239-bacb-5e74e35a820e",
      "timeZone": "AST",
      "username": "ericaNagle",
      "uuid": "c0f5e60a-c1e1-480f-902c-3d864294153e",
      "webLink": "https://as1985.awmdm.com/AirWatch/#/Admin/List",
    },
    Object {
      "_class": Array [
        "User",
      ],
      "_key": "e291bbe4-dc42-4205-834e-a3cb254c134d",
      "_rawData": Array [
        Object {
          "name": "default",
          "rawData": Object {
            "LastLoginTimeStamp": "2023-10-27T18:06:03.293",
            "LocationGroup": "M104252336",
            "LocationGroupId": "1112",
            "email": "J1@J1.com",
            "firstName": "J1",
            "initialLandingPage": "/Device/Dashboard",
            "lastName": "J1",
            "locale": "en-US",
            "messageTemplateId": 0,
            "messageTemplateUuid": "00000000-0000-0000-0000-000000000000",
            "organizationGroupUuid": "71b1202a-fc21-4239-bacb-5e74e35a820e",
            "roles": Array [
              Object {
                "IsActive": true,
                "LocationGroup": "M104252336",
                "LocationGroupId": "1112",
                "Name": "Device Manager",
                "UserLinkId": 0,
                "organizationGroupUuid": "71b1202a-fc21-4239-bacb-5e74e35a820e",
                "uuid": "db089645-68c7-4df4-888d-ec5c511c1a6c",
              },
            ],
            "timeZone": "AST",
            "username": "Jupiterone",
            "uuid": "e291bbe4-dc42-4205-834e-a3cb254c134d",
          },
        },
      ],
      "_type": "airwatch_user",
      "admin": true,
      "createdOn": undefined,
      "displayName": "J1 J1",
      "email": "J1@J1.com",
      "firstName": "J1",
      "initialLandingPage": "/Device/Dashboard",
      "lastLoginTimeStamp": "2023-10-27T18:06:03.293",
      "lastName": "J1",
      "locale": "en-US",
      "locationGroup": "M104252336",
      "locationGroupId": "1112",
      "messageTemplateId": 0,
      "messageTemplateUuid": "00000000-0000-0000-0000-000000000000",
      "name": "J1 J1",
      "organizationGroupUuid": "71b1202a-fc21-4239-bacb-5e74e35a820e",
      "timeZone": "AST",
      "username": "Jupiterone",
      "uuid": "e291bbe4-dc42-4205-834e-a3cb254c134d",
      "webLink": "https://as1985.awmdm.com/AirWatch/#/Admin/List",
    },
  ],
  "collectedRelationships": Array [
    Object {
      "_class": "HAS",
      "_fromEntityKey": "airwatch-local-integration-instance",
      "_key": "airwatch-local-integration-instance|has|71b1202a-fc21-4239-bacb-5e74e35a820e",
      "_toEntityKey": "71b1202a-fc21-4239-bacb-5e74e35a820e",
      "_type": "airwatch_account_has_group",
      "displayName": "HAS",
    },
    Object {
      "_class": "HAS",
      "_fromEntityKey": "71b1202a-fc21-4239-bacb-5e74e35a820e",
      "_key": "71b1202a-fc21-4239-bacb-5e74e35a820e|has|c0f5e60a-c1e1-480f-902c-3d864294153e",
      "_toEntityKey": "c0f5e60a-c1e1-480f-902c-3d864294153e",
      "_type": "airwatch_group_has_user",
      "displayName": "HAS",
    },
    Object {
      "_class": "HAS",
      "_fromEntityKey": "71b1202a-fc21-4239-bacb-5e74e35a820e",
      "_key": "71b1202a-fc21-4239-bacb-5e74e35a820e|has|e291bbe4-dc42-4205-834e-a3cb254c134d",
      "_toEntityKey": "e291bbe4-dc42-4205-834e-a3cb254c134d",
      "_type": "airwatch_group_has_user",
      "displayName": "HAS",
    },
  ],
  "encounteredTypes": Array [
    "airwatch_account",
    "airwatch_group",
    "airwatch_account_has_group",
    "airwatch_user",
    "airwatch_group_has_user",
  ],
  "numCollectedEntities": 4,
  "numCollectedRelationships": 3,
}
`;
